// Jest Snapshot v1, https://goo.gl/fbAQLP

exports[`Storyshots Instrumentation Default 1`] = `
<div>
  <section
    class="is-medium"
  >
    <div
      class="hero-body has-text-centered is-12-desktop"
    >
      <div
        class="container"
      >
        <div
          class="level-right-tablet has-text-centered mt-2"
          id="_5eeba76aee9b25001b3ba5c7"
          readingdate="2020-07-12T16:33:04+01:00"
        >
          <div
            class="level-item"
          >
            <div>
              <div
                class="value-badge-large is-size-1 border aqi-1 title invisible make-visible"
              >
                
                1
              
              </div>
               
              <div>
                <span
                  class="is-size-6"
                >
                  
                  1.8 µg/m³
                </span>
              </div>
               
              <span
                class="main-link is-size-3"
              >
                
                Low
              </span>
            </div>
          </div>
        </div>
      </div>
    </div>
  </section>
   
  <section>
    <div
      class="container readings"
    >
      <div
        class="AdviceBox reading-bare is-mobile has-background-warning-light"
      >
        <div
          class="has-text-centered"
        >
          <div>
            <div
              class="title is-size-6 mb-3 has-text-centered has-text-weight-semibold"
            >
              
              Accompanying health messages
              for at-risk individuals
            
            </div>
            Enjoy your usual outdoor activities.
          
          </div>
        </div>
      </div>
    </div>
  </section>
</div>
`;
